==== BRIDGE ====
.--------- DIRECT HIT ON 1 ---------.
|  /\   5 \_/ ^^   4 [=-=-=-=-=] ^^ |
| /  \/\           \ | /            |
|~~~~~~~~~~~~~~~ 1 X|X|X   ~~~~~~~~~|
|   /\/\           / | \            |
| 6 [###] ^^^  3 +-+-+-+ 2 (O)(O) ^ |
'--- ^ SAM SITE ---- X DESTROYED ---'
==== FUEL DEPOT ====
.--------- DIRECT HIT ON 2 ---------.
|  /\   5 \_/ ^^   4 [=-=-=-=-=] ^^ |
| /  \/\              :             |
|~~~~~~~~~~~~~~~ 1 =|=|= ^ ~~~~~~~~~|
|   /\/\              :   \  ||  /  |
| 6 [###] ^^^  3 +-+-+-+ 2 (X)(X)   |
'--- ^ SAM SITE ---- X DESTROYED ---'
==== MARSHALLING YARD ====
.--------- DIRECT HIT ON 3 ---------.
|  /\   5 \_/ ^^   4 [=-=-=-=-=] ^^ |
| /  \/\              :             |
|~~~~~~~~~~~~~~~ 1 =|=|= ^ ~~~~~~~~~|
|   /\/\         \  |  /            |
| 6 [###] ^^^  3 X-X-X-X 2 (O)(O) ^ |
'--- ^ SAM SITE ---- X DESTROYED ---'
==== AIRFIELD ====
.--------- DIRECT HIT ON 4 ---------.
|  /\   5 \_/ ^^   4 [X-X-X-X-X]    |
| /  \/\             / .  |  . \    |
|~~~~~~~~~~~~~~~ 1 =|=|= ^ ~~~~~~~~~|
|   /\/\              :             |
| 6 [###] ^^^  3 +-+-+-+ 2 (O)(O) ^ |
'--- ^ SAM SITE ---- X DESTROYED ---'
==== RADAR ====
.--------- DIRECT HIT ON 5 ---------.
|  /\   5 \X/      4 [=-=-=-=-=] ^^ |
| /  \/\ / | \        :             |
|~~~~~~~~~~~~~~~ 1 =|=|= ^ ~~~~~~~~~|
|   /\/\              :             |
| 6 [###] ^^^  3 +-+-+-+ 2 (O)(O) ^ |
'--- ^ SAM SITE ---- X DESTROYED ---'
==== COMMAND BUNKER ====
.--------- DIRECT HIT ON 6 ---------.
|  /\   5 \_/ ^^   4 [=-=-=-=-=] ^^ |
| /  \/\              :             |
|~~~~~~~~~~~~~~~ 1 =|=|= ^ ~~~~~~~~~|
|   \ | /             :             |
| 6 [XXX]      3 +-+-+-+ 2 (O)(O) ^ |
'--- ^ SAM SITE ---- X DESTROYED ---'
==== COMMAND BUNKER, LAST OF ALL ====
.--------- DIRECT HIT ON 6 ---------.
|  /\   5 \X/      4 [X-X-X-X-X]    |
| /  \/\              :             |
|~~~~~~~~~~~~~~~ 1 X|X|X   ~~~~~~~~~|
|   \ | /             :             |
| 6 [XXX]      3 X-X-X-X 2 (X)(X)   |
'--- ^ SAM SITE ---- X DESTROYED ---'
