HEARTS                                            YOU 0  WEST 0  NORTH 0  EAST 0

                                  NORTH  5C
                     WEST   2C                    EAST   6C
                                  YOU    --
YOUR HAND
6S  KH  QH  10H 9H  8H  3H  QD  JD  4D  KC  QC  JC
1   2   3   4   5   6   7   8   9   10  11  12  13



LLLLLL............................................ttt.t..tttt.t..ttttt.t..tttt.t

..................................LLLLL..bb
.....................LLLL...bb....................LLLL...bb
..................................LLL....dd
LLLL.LLLL
tt..tt..tt..ttt.tt..tt..tt..tt..tt..tt..tt..tt..tt
d...d...d...d...d...d...d...d...d...dd..dd..dd..dd


