==== seed 3, the last turn ====
  HIGH :
   MID : YOU ~~\==>
   LOW :                    ~~\==> WOPR
       '---------------- RANGE CLOSE. YOU ARE ON ITS TAIL. -----------------
MANOEUVRE: FIRE

YOU FIRE GUNS: A HIT.
WOPR PRESSES IN.
WOPR'S AIRCRAFT GOES DOWN.
                              .    *    |    *    .
                      *    '.    \   \  |  /   /    .'    *
                .     '.     \    \  \  |  /  /    /     .'     .
         - -- --- ----=====<<  S P L A S H   O N E  >>=====---- --- -- -
                '     .'     /    /  /  |  \  \    \     '.     '
                      *    .'    /   /  |  \   \    '.    *
                              '    *    |    *    '
==== seed 2, the last turn ====
  HIGH :
   MID : YOU ~~\==>                                           <==/ WOPR
   LOW :
       '------------------ RANGE LONG. NEUTRAL, HEAD-ON. -------------------
MANOEUVRE: FIRE

YOU FIRE A MISSILE: A HIT.
WOPR FIRES A MISSILE: A HIT.
YOUR AIRCRAFT GOES DOWN.
                _.-'''''''''-._        ~~
             .-'  .'   |   '.  '-.       ~~ ~
            /____/_____|_____\____\         ~~ ~
            \     \    |    /     /            ~~ ~
              \    \   |   /    /                 ~~ ~
                '.  \  |  /  .'                      ~~ ~   .  '
                  '-.\ | /.-'                  -- ---===( * )===--- --
                     \(O)/                     _________/  |  \_________
                      /|\       E J E C T
==== seed 5, the last turn ====
  HIGH :
   MID : YOU ~~\==>                                           <==/~~ WOPR
   LOW :
       '------------------ RANGE LONG. NEUTRAL, HEAD-ON. -------------------
MANOEUVRE: FIRE

YOU FIRE A MISSILE: A HIT.
WOPR FIRES A MISSILE: A HIT.
BOTH AIRCRAFT GO DOWN.
                              .    *    |    *    .
                      *    '.    \   \  |  /   /    .'    *
                .     '.     \    \  \  |  /  /    /     .'     .
         - -- --- ----=====<<  S P L A S H   T W O  >>=====---- --- -- -
                '     .'     /    /  /  |  \  \    \     '.     '
                      *    .'    /   /  |  \   \    '.    *
                              '    *    |    *    '
