==== game started (80x24) ====
STUB BOARD



STUB READY.
MOVE:


















cursor: col 6, row 5
==== first Esc (80x24) ====
STUB BOARD



STUB READY.
** PRESS ESC AGAIN TO END GAME **
MOVE:

















cursor: col 6, row 6
==== second Esc (80x24) ====
STUB READY.
GAME TERMINATED BEFORE COMPLETION.

SHALL WE PLAY ANOTHER GAME?




















cursor: col 0, row 5
