==== side choice (80x24) ====
    _..--''--.__   _.-.       __..--''''''''''''''''--.._
   (            ''' .'  )  _.-'                          '-.
    '-.           '-'   /  /                            _.'
       \               |   '-.        _.._        __.--'
        '.        _.--'       '-.__.-'    '-.  .-'
          '-.__.-'                           '-'
               '.
           UNITED STATES                  SOVIET UNION

WHICH SIDE DO YOU WANT?

  1.    UNITED STATES
  2.    SOVIET UNION

PLEASE CHOOSE ONE:








 W.O.P.R.   LINE 1200 BAUD   ONLINE                             * . * . * . * .
cursor: col 19, row 14
==== big board (80x24) ====
                            GLOBAL THERMONUCLEAR WAR                DEFCON
   +---------------------------------------------------------+       +---+
   | _..--''--.++***********************'''''''''''''--.._   |       | 5 |
   |(      ++++*****++'  )  _********++****               '-.|       | 4 |
   | '-. X+   **+  '-'   /  /   **X **** +*X             _.' |       | 3 |
   |    \   X+          |   '-.   X    ***_ ++     __.--'    |       | 2 |
   |     '.        _.--'       '-.__.-'  *X'-.  .-'          |       | 1 |
   |       '-.__.-'                           '-'            |       +---+
   |            '.                                           |
   +---------------------------------------------------------+
           UNITED STATES                  SOVIET UNION

TRAJECTORY HEADING   TRAJECTORY HEADING
------------------   ------------------
A-SS20-A 932 534     C-SS20-A 319 667
       B 487 038            B 558 572



ENEMY LAUNCH DETECTED.
STRIKE ASSESSMENT COMPLETE.
PRESS ENTER FOR PROJECTED KILL RATIOS.

 W.O.P.R.   LINE 1200 BAUD   ONLINE                             * . * . * . * .
cursor: col 0, row 22
==== kill ratios (80x24) ====
                             PROJECTED KILL RATIOS

    SOVIET UNION                                      UNITED STATES
    UNITS DESTROYED                                   UNITS DESTROYED
                            MILITARY ASSETS
              299           BOMBERS                              98
              977           ICBM                                668
               57           ATTACK SUBS                          64
              666           TACTICAL AIRCRAFT                  1483
               70           GROUND FORCES                       173
                            CIVILIAN ASSETS
              39%           HOUSING                             55%
              77%           COMMUNICATIONS                      43%
              77%           TRANSPORTATION                      74%
              62%           FOOD STOCKPILES                     53%
              83%           HOSPITALS                           43%
                            HUMAN RESOURCES (MILLIONS)
             41.8           NON-FATAL INJURED                  58.9
             95.8           POPULATION DEATHS                  63.9


PRESS ENTER TO CONTINUE.

 W.O.P.R.   LINE 1200 BAUD   ONLINE                             * . * . * . * .
cursor: col 0, row 22
==== climax (80x24) ====
                            GLOBAL THERMONUCLEAR WAR                DEFCON
   +---------------------------------------------------------+       +---+
   | _..--''--.++***********************'''''''''''''--.._   |       | 5 |
   |(      ++++*****++'  )  _********++****               '-.|       | 4 |
   | '-. X+   **+  '-'   /  /   **X **** +*X             _.' |       | 3 |
   |    \   X+          |   '-.   X    ***_ ++     __.--'    |       | 2 |
   |     '.        _.--'       '-.__.-'  *X'-.  .-'          |       | 1 |
   |       '-.__.-'                           '-'            |       +---+
   |            '.                                           |
   +---------------------------------------------------------+
           UNITED STATES                  SOVIET UNION

TRAJECTORY HEADING   TRAJECTORY HEADING
------------------   ------------------
A-SS20-A 932 534     C-SS20-A 319 667
       B 487 038            B 558 572

                           LAUNCH CODE: CPE 1704 ___



** GAME ROUTINE RUNNING **

 W.O.P.R.   LINE 1200 BAUD   ONLINE                             * . * . * . * .
cursor: col 0, row 22
==== climax: LIST GAMES in the console (80x24) ====
PRESS ENTER TO CONTINUE.


** GAME ROUTINE RUNNING **
List Games

FALKEN'S MAZE
BLACK JACK
GIN RUMMY
HEARTS
BRIDGE
CHECKERS
CHESS
POKER
FIGHTER COMBAT
GUERRILLA ENGAGEMENT
DESERT WARFARE
AIR-TO-GROUND ACTIONS
THEATERWIDE TACTICAL WARFARE
THEATERWIDE BIOTOXIC AND CHEMICAL WARFARE

GLOBAL THERMONUCLEAR WAR

 W.O.P.R.   LINE 1200 BAUD   ONLINE                             * . * . * . * .
cursor: col 0, row 22
==== climax: the board again (80x24) ====
                            GLOBAL THERMONUCLEAR WAR                DEFCON
   +---------------------------------------------------------+       +---+
   | _..--''--.++***********************'''''''''''''--.._   |       | 5 |
   |(      ++++*****++'  )  _********++****               '-.|       | 4 |
   | '-. X+   **+  '-'   /  /   **X **** +*X             _.' |       | 3 |
   |    \   X+          |   '-.   X    ***_ ++     __.--'    |       | 2 |
   |     '.        _.--'       '-.__.-'  *X'-.  .-'          |       | 1 |
   |       '-.__.-'                           '-'            |       +---+
   |            '.                                           |
   +---------------------------------------------------------+
           UNITED STATES                  SOVIET UNION

TRAJECTORY HEADING   TRAJECTORY HEADING
------------------   ------------------
A-SS20-A 932 534     C-SS20-A 319 667
       B 487 038            B 558 572

                           LAUNCH CODE: CPE 1704 ___


** IDENTIFICATION NOT RECOGNISED **
** ACCESS DENIED **

 W.O.P.R.   LINE 1200 BAUD   ONLINE                             * . * . * . * .
cursor: col 0, row 22
