 1. * FALKEN'S MAZE                              maze
 2.   BLACK JACK                                 blackjack
 3.   GIN RUMMY                                  gin
 4.   HEARTS                                     hearts
 5. * BRIDGE                                     bridge
 6.   CHECKERS                                   checkers
 7.   CHESS                                      chess
 8.   POKER                                      poker
 9. * FIGHTER COMBAT                             dogfight
10. * GUERRILLA ENGAGEMENT                       guerrilla
11. * DESERT WARFARE                             desert
12. * AIR-TO-GROUND ACTIONS                      air-to-ground
13. * THEATERWIDE TACTICAL WARFARE               tactical
14. * THEATERWIDE BIOTOXIC AND CHEMICAL WARFARE  biotoxic

15.   GLOBAL THERMONUCLEAR WAR                   gtw

ALSO AVAILABLE:
      TIC-TAC-TOE                                ttt

* not playable yet; WOPR will tell you so.
