wopr: the WOPR computer from WarGames (1983), in your terminal.

Usage:
  wopr [flags] [game]
  wopr --movie [--only] [scene]

Flags:
  -v, --version                print the version and exit
  -h, --help                   print this help and exit
  -g, --games                  list the games and exit
  -S, --scenes                 list the movie's scenes and exit
  -L, --licenses               print licence notices and exit
  -p, --play <game>            start a game: number, name, alias or prefix
  -m, --movie                  replay the film's WOPR scenes from [scene] on
  -o, --only                   with -m, play just the chosen scene, then stop
  -t, --theme <name>           imsai, green, amber, norad (env WOPR_THEME)
  -i, --instant                no typewriter pacing (env WOPR_INSTANT)
  -s, --seed <n>               deterministic run with this seed (env WOPR_SEED)
  -r, --reduce-motion          no blinking or speed-ups (env WOPR_REDUCE_MOTION)

At the LOGON: prompt, the film's backdoor still works: Joshua.
Type LOGOFF to leave. Ctrl+C quits at any time.

With -r nothing blinks, the front panel's lights stand still and the ending
keeps a steady pace; the typing and the animations still play. -i skips them.

Movie mode plays the film's scenes from the one named to the end, then exits;
without one, it opens a menu of scenes. With -o, each scene plays alone, then
wopr exits, or returns to the menu if you came from it. Space pauses, n or
Right skips to the next scene, p or Left goes back, and Esc opens the menu,
except during the climax's games, which play to the end. With -i the text
appears at once, but scenes still pause.

Examples:
  wopr                 dial in and log on
  wopr chess -i        play chess with no typewriter pacing
  wopr --games         list the games
  wopr -m 2            replay the film from scene 2 (wopr --scenes lists them)
  wopr -m joshua -o    replay just the joshua scene
