CONNECTING...
CONNECTED.

LOGON: Joshua

[CLEAR]
#45     11456          11009          11893          11972        11315
PRT CON. 3.4.5.  SECTRAN 9.4.3.                      PORT STAT: SD-345

(311) 699-7305
[CLEAR]
(311) 936-2364
SYSPROC FUNCT READY                         ALT NET READY
CPU AUTH RY-345-AX3     SYSCOMP STATUS: ALL PORTS ACTIVE
[CLEAR]
GREETINGS PROFESSOR FALKEN.

HELP

COMMANDS AVAILABLE:

  HELP GAMES     WHAT GAMES ARE
  LIST GAMES     THE GAMES IN MEMORY
  PLAY <GAME>    START A GAME
  LOGOFF         END THIS SESSION

Help Games

'GAMES' REFERS TO MODELS, SIMULATIONS AND GAMES
WHICH HAVE TACTICAL AND STRATEGIC APPLICATIONS.

List Games

FALKEN'S MAZE
BLACK JACK
GIN RUMMY
HEARTS
BRIDGE
CHECKERS
CHESS
POKER
FIGHTER COMBAT
GUERRILLA ENGAGEMENT
DESERT WARFARE
AIR-TO-GROUND ACTIONS
THEATERWIDE TACTICAL WARFARE
THEATERWIDE BIOTOXIC AND CHEMICAL WARFARE

GLOBAL THERMONUCLEAR WAR

15

WOULDN'T YOU PREFER A GOOD GAME OF CHESS?

