CONNECTING...
CONNECTED.

LOGON: 000001

IDENTIFICATION NOT RECOGNIZED BY SYSTEM
--CONNECTION TERMINATED--
[CLEAR]
CONNECTING...
CONNECTED.

LOGON: Falkens-Maze

IDENTIFICATION NOT RECOGNIZED BY SYSTEM
--CONNECTION TERMINATED--
[CLEAR]
CONNECTING...
CONNECTED.

LOGON: Armageddon

IDENTIFICATION NOT RECOGNIZED BY SYSTEM
--CONNECTION TERMINATED--
[CLEAR]
** HINT: THE BACKDOOR IS THE NAME OF FALKEN'S SON **

CONNECTING...
CONNECTED.

