CONNECTING...
CONNECTED.

LOGON: joshua

[CLEAR]
#45     11456          11009          11893          11972        11315
PRT CON. 3.4.5.  SECTRAN 9.4.3.                      PORT STAT: SD-345

(311) 699-7305
[CLEAR]
(311) 936-2364
SYSPROC FUNCT READY                         ALT NET READY
CPU AUTH RY-345-AX3                         SYSCOMP STATUS ALL PORTS ACTIVE
[CLEAR]
GREETINGS PROFESSOR FALKEN.

help

COMMANDS AVAILABLE:

  HELP GAMES     WHAT GAMES ARE
  LIST GAMES     THE GAMES IN MEMORY
  <NUMBER>       PICK FROM THE LIST JUST SHOWN
  PLAY <GAME>    START A GAME
  LOGOFF         END THIS SESSION

play stub

[CLEAR]
STUB READY.
MOVE: THINK

THOUGHT.
MOVE: WIN

WINNER: PROFESSOR FALKEN
MOVES: 1

SHALL WE PLAY ANOTHER GAME?

yes

WHICH GAME?

stub

[CLEAR]
STUB READY.
[NOTICE] ** PRESS ESC AGAIN TO END GAME **
GAME TERMINATED BEFORE COMPLETION.

SHALL WE PLAY ANOTHER GAME?

