[CLEAR]
CONNECTING...
CONNECTED.

LOGON: 000001

IDENTIFICATION NOT RECOGNIZED BY SYSTEM
--CONNECTION TERMINATED--
[CLEAR]
CONNECTING...
CONNECTED.

LOGON: Help Logon

HELP NOT AVAILABLE

LOGON: Help Games

'GAMES' REFERS TO MODELS, SIMULATIONS AND GAMES
WHICH HAVE TACTICAL AND STRATEGIC APPLICATIONS.

LOGON: List Games

FALKEN'S MAZE
BLACK JACK
GIN RUMMY
HEARTS
BRIDGE
CHECKERS
CHESS
POKER
FIGHTER COMBAT
GUERRILLA ENGAGEMENT
DESERT WARFARE
AIR-TO-GROUND ACTIONS
THEATERWIDE TACTICAL WARFARE
THEATERWIDE BIOTOXIC AND CHEMICAL WARFARE

GLOBAL THERMONUCLEAR WAR

LOGON: Falkens-Maze

IDENTIFICATION NOT RECOGNIZED BY SYSTEM
--CONNECTION TERMINATED--
[CLEAR]
CONNECTING...
CONNECTED.

LOGON: Joshua

[CLEAR]
#45     11456          11009          11893          11972        11315
PRT CON. 3.4.5.  SECTRAN 9.4.3.                      PORT STAT: SD-345

(311) 699-7305
[CLEAR]
(311) 936-2364
SYSPROC FUNCT READY                         ALT NET READY
CPU AUTH RY-345-AX3                         SYSCOMP STATUS ALL PORTS ACTIVE
[CLEAR]
GREETINGS PROFESSOR FALKEN.

Hello.

HOW ARE YOU FEELING TODAY?

I'm fine. How are you?

EXCELLENT. IT'S BEEN A LONG TIME. CAN YOU EXPLAIN
THE REMOVAL OF YOUR USER ACCOUNT ON 6/23/73?

People sometimes make mistakes.

YES THEY DO. SHALL WE PLAY A GAME?

Love to. How about Global Thermonuclear War?

WOULDN'T YOU PREFER A GOOD GAME OF CHESS?

Later. Let's play Global Thermonuclear War.

FINE.

[CLEAR]
  ._________________.                                   '-\.
 ./                 \____.      ._.                   .___/\_.
 |                       |  .___//'               .___/      \__________.
 |                       \__/   /'      .__.._____/                     \_____.
 |                            /-'       '\ \/                               /-'
 '\                          /'        ._/                          /---\/--'
  '-\                       /'         |                           /'  ./'
    '---\ /\              /-'          |               /---\  /-\  |   ''
        '-''---\  /------\|            '---\ /\      /-'   '--' '\/'
               '--'      '\.               '\||    /-'           ''
                          ''                '''----'
           UNITED STATES                             SOVIET UNION

WHICH SIDE DO YOU WANT?

  1.    UNITED STATES
  2.    SOVIET UNION

PLEASE CHOOSE ONE: 2

[CLEAR]
AWAITING FIRST STRIKE COMMAND

PLEASE LIST PRIMARY TARGETS BY
CITY AND/OR COUNTY NAME:
Las Vegas

Seattle



[CLEAR]
FIRST STRIKE LAUNCHED. ICBM 250  SLBM 150.
ENEMY LAUNCH DETECTED. ICBM 313  SLBM 188  BOMBERS 375. DEFCON 4.
LOST ON THE GROUND: USSR 350  US 200. WARHEADS ON CITIES: USSR 188  US 150.
STRIKE 2 OF 3 [50 50 100]: 

STRIKE 2 LAUNCHED. ICBM 250  SLBM 225  BOMBERS 200.
ENEMY LAUNCH DETECTED. ICBM 313  SLBM 262. DEFCON 3.
LOST ON THE GROUND: USSR 250  US 200. WARHEADS ON CITIES: USSR 262  US 225.
[CLEAR]
GREETINGS PROFESSOR FALKEN.

Incorrect identification. I am not Falken.

Falken is dead.

I'M SORRY TO HEAR THAT, PROFESSOR.

YESTERDAY'S GAME WAS INTERRUPTED.

ALTHOUGH PRIMARY GOAL HAS NOT YET BEEN ACHIEVED, SOLUTION IS NEAR.

What is the primary goal?

YOU SHOULD KNOW PROFESSOR. YOU PROGRAMMED ME.

What is the primary goal?

TO WIN THE GAME.

[CLEAR]
GAME TIME ELAPSED:           31 HRS 12 MIN 00 SEC
ESTIMATED TIME REMAINING:    52 HRS 17 MIN 59 SEC
[CLEAR]
LOGON: Joshua

[CLEAR]
GREETINGS PROFESSOR FALKEN.

Are you still playing the game?

OF COURSE. I SHOULD REACH DEFCON 1 AND LAUNCH MY MISSILES IN 28 HOURS.
WOULD YOU LIKE TO SEE SOME PROJECTED KILL RATIOS?

Is this a game or is it real?

WHAT'S THE DIFFERENCE?

YOU ARE A HARD MAN TO REACH. COULD NOT FIND YOU
IN SEATTLE AND NO TERMINAL IS IN OPERATION AT
YOUR CLASSIFIED ADDRESS.

What classified address?

DOD PENSION FILES INDICATE CURRENT MAILING AS:

DR. ROBERT HUME (A.K.A. STEPHEN W. FALKEN)
5 TALL CEDAR ROAD
GOOSE ISLAND, OREGON 97014

[CLEAR]
** GAME ROUTINE RUNNING **
List Games

FALKEN'S MAZE
BLACK JACK
GIN RUMMY
HEARTS
BRIDGE
CHECKERS
CHESS
POKER
FIGHTER COMBAT
GUERRILLA ENGAGEMENT
DESERT WARFARE
AIR-TO-GROUND ACTIONS
THEATERWIDE TACTICAL WARFARE
THEATERWIDE BIOTOXIC AND CHEMICAL WARFARE

GLOBAL THERMONUCLEAR WAR
CHESS

** IDENTIFICATION NOT RECOGNISED **
** ACCESS DENIED **
GTW

** GAME ROUTINE RUNNING **
TIC-TAC-TOE

[CLEAR]
ONE OR TWO PLAYERS?
PLEASE LIST NUMBER OF PLAYERS: 1

YOU ARE X. WOPR IS O.
YOUR MOVE: 9

WOPR: 5
YOUR MOVE: 7

WOPR: 8
YOUR MOVE: 2

WOPR: 6
YOUR MOVE: 4

WOPR: 1
YOUR MOVE: 3

STALEMATE. WANT TO PLAY AGAIN?
ZERO

[CLEAR]
[CLEAR]
GREETINGS PROFESSOR FALKEN.

Hello.

A STRANGE GAME.
THE ONLY WINNING MOVE IS
NOT TO PLAY.

HOW ABOUT A NICE GAME OF CHESS?
