==== exchange, frame 20 ====
+---------------------- GLOBAL THERMONUCLEAR WAR -----------------------+ DEFCON
|               |:/''-\:::::+++++++++++             .___.               |  +---+
|        .___.  |:\.  '\:::::/++++++++++++++.. ...__/:::\__. ._.        |  | 5 |
|._______/:::\__/:/\_. |:+++++       .___++++++/\/:::::::::\_/:\______. |  +---+
||::::::::::::::/-'|*| '\+/-'       ./::::\_/++++::::::::::::::::::::/' |  | 4 |
|'\:/-\::::::::/'***:|  '-'        .//\:::::::::++++::::::::::/--\/--'  |  +---+
| '-' '-\::::::\***/:\_.         ..|:\/::::::::::::++::::::::/'  ''     |  | 3 |
|       '\::::**:::::/-'         |\/:::::::::::::::::::::::::|          |  +---+
|        |:::**:::::/'          ./:/\:::/-\/\:::::::::::::::/'          |  | 2 |
|        '\::::::::/'           |:/\/--\\_/\/::::::::::::/--'           |  +---+
|         '\::::::/'            |:\/\__/:::::::::::::::::\.             |  | 1 |
|          '-\:/--'            ./::::::::::::/-\:::::::::/'             |  +---+
|            '\\_.             |:::::::::::::| '\:/--\:/-'              |
|             '--'             |:::::::::::/-'  '\|  '\|                |
+------- UNITED STATES ----------------------- SOVIET UNION ------------+
TRAJECTORY HEADING   TRAJECTORY HEADING
A-SS20-A 019 448     C-SS20-A 869 895
       B 023 673            B 697 086


ddddddddddddddddddddddd.bbbbbb.bbbbbbbbbbbbb.bbb.dddddddddddddddddddddddd.LLLLLL
d...............ldllllldddddooooooooooo.............lllll...............d..ddddd
d........lllll..ldll..lldddddlooooooooooooooll.lllllldddllll.lll........d..d.5.d
dllllllllldddlllldllll.ldooooo.......lllloooooollldddddddddllldllllllll.d..ddddd
dlddddddddddddddllllil.llolll.......llddddlllooooddddddddddddddddddddll.d..d.4.d
dlldlllddddddddlliiidl..lll........lllldddddddddooooddddddddddllllllll..d..ddddd
d.lll.lllddddddliiildlll.........llldllddddddddddddooddddddddll..ll.....d..d333d
d.......llddddiidddddlll.........llldddddddddddddddddddddddddl..........d..ddddd
d........ldddiidddddll..........lldlldddllllldddddddddddddddll..........d..d.2.d
d........llddddddddll...........ldlllllllllllddddddddddddllll...........d..ddddd
d.........llddddddll............ldlllllldddddddddddddddddll.............d..d.1.d
d..........llldllll............llddddddddddddllldddddddddll.............d..ddddd
d............lllll.............ldddddddddddddl.lldlllldlll..............d
d.............llll.............ldddddddddddlll..lll..lll................d
dddddddd.LLLLLL.LLLLLL.ddddddddddddddddddddddd.LLLLLL.LLLLL.ddddddddddddd
LLLLLLLLLL.LLLLLLL...LLLLLLLLLL.LLLLLLL
tttttttt.ttt.ttt.....tttttttt.ttt.ttt
.......t.ttt.ttt............t.ttt.ttt


==== exchange, done ====
+---------------------- GLOBAL THERMONUCLEAR WAR -----------------------+ DEFCON
|               |:/''-\::::++++++++++++             .___.               |  +---+
|        .___.  |:\.  '+++++*******+++++++++.. ...__/:::\__. ._.        |  | 5 |
|._______/:::\__/:/++++*****************_++++++/\/:::::::::\_/:\______. |  +---+
||::::::::::::::/+++*************** *******_/++++::::::::::::::::::::/' |  | 4 |
|'\:/-\::::::::++*****+ '-'      *****\*X::***::++++::::::::::/--\/--'  |  +---+
| '-' '-\::::++\***+:\_.         ..|****:::::*X::::++::::::::/'  ''     |  | 3 |
|       '\:++:***+:::/-'         |\/::*XX::::::::::::::::::::|          |  +---+
|        |X+:**+::::/'          ./:/\:::/-\/\:::::::::::::::/'          |  | 2 |
|        '\:++:::::/'           |:/\/--\\_/\/::::::::::::/--'           |  +---+
|         'X+:::::/'            |:\/\__/:::::::::::::::::\.             |  | 1 |
|          '-\:/--'            ./::::::::::::/-\:::::::::/'             |  +---+
|            '\\_.             |:::::::::::::| '\:/--\:/-'              |
|             '--'             |:::::::::::/-'  '\|  '\|                |
+------- UNITED STATES ----------------------- SOVIET UNION ------------+
TRAJECTORY HEADING   TRAJECTORY HEADING
A-SS20-A 019 448     C-SS20-A 869 895
       B 023 673            B 697 086


ddddddddddddddddddddddd.bbbbbb.bbbbbbbbbbbbb.bbb.dddddddddddddddddddddddd.LLLLLL
d...............ldlllllddddoooooooooooo.............lllll...............d..ddddd
d........lllll..ldll..loooooiiiiiiioooooooooll.lllllldddllll.lll........d..d.5.d
dllllllllldddlllldlooooiiiiiiiiiiiiiiiiiloooooollldddddddddllldllllllll.d..ddddd
dlddddddddddddddloooiiiiiiiiiiiiiii.iiiiiiillooooddddddddddddddddddddll.d..d.4.d
dlldlllddddddddooiiiiio.lll......iiiiiliiddiiiddooooddddddddddllllllll..d..ddddd
d.lll.lllddddooliiiodlll.........llliiiidddddiiddddooddddddddll..ll.....d..d.3.d
d.......lldoodiiiodddlll.........lllddiiiddddddddddddddddddddl..........d..ddddd
d........loodiioddddll..........lldlldddllllldddddddddddddddll..........d..d.2.d
d........lldoodddddll...........ldlllllllllllddddddddddddllll...........d..ddddd
d.........loodddddll............ldlllllldddddddddddddddddll.............d..d111d
d..........llldllll............llddddddddddddllldddddddddll.............d..ddddd
d............lllll.............ldddddddddddddl.lldlllldlll..............d
d.............llll.............ldddddddddddlll..lll..lll................d
dddddddd.LLLLLL.LLLLLL.ddddddddddddddddddddddd.LLLLLL.LLLLL.ddddddddddddd
LLLLLLLLLL.LLLLLLL...LLLLLLLLLL.LLLLLLL
tttttttt.ttt.ttt.....tttttttt.ttt.ttt
.......t.ttt.ttt............t.ttt.ttt


==== kill ratios ====
                             PROJECTED KILL RATIOS

    SOVIET UNION                                      UNITED STATES
    UNITS DESTROYED                                   UNITS DESTROYED
                            MILITARY ASSETS
               68           BOMBERS                             338
              698           ICBM                                373
               46           ATTACK SUBS                          84
               57           TACTICAL AIRCRAFT                  1937
               90           GROUND FORCES                       179
                            CIVILIAN ASSETS
              43%           HOUSING                             81%
              89%           COMMUNICATIONS                      60%
              63%           TRANSPORTATION                      44%
              49%           FOOD STOCKPILES                     67%
              93%           HOSPITALS                           81%
                            HUMAN RESOURCES (MILLIONS)
             26.7           NON-FATAL INJURED                  59.5
             91.4           POPULATION DEATHS                  51.1

.............................bbbbbbbbb.bbbb.bbbbbb

....LLLLLL.LLLLL......................................LLLLLL.LLLLLL
....ddddd.ddddddddd...................................ddddd.ddddddddd
............................LLLLLLLL.LLLLLL
...............oo...........ttttttt.............................iii
..............ooo...........tttt................................iii
...............oo...........tttttt.tttt..........................ii
...............oo...........tttttttt.tttttttt..................iiii
...............oo...........tttttt.tttttt.......................iii
............................LLLLLLLL.LLLLLL
..............ooo...........ttttttt.............................iii
..............ooo...........tttttttttttttt......................iii
..............ooo...........tttttttttttttt......................iii
..............ooo...........tttt.tttttttttt.....................iii
..............ooo...........ttttttttt...........................iii
............................LLLLL.LLLLLLLLL.LLLLLLLLLL
.............oooo...........ttttttttt.ttttttt..................iiii
.............oooo...........tttttttttt.tttttt..................iiii

==== climax ====
+---------------------- GLOBAL THERMONUCLEAR WAR -----------------------+ DEFCON
|               |:/''-\::::++++++++++++             .___.               |  +---+
|        .___.  |:\.  '+++++*******+++++++++.. ...__/:::\__. ._.        |  | 5 |
|._______/:::\__/:/++++*****************_++++++/\/:::::::::\_/:\______. |  +---+
||::::::::::::::/+++*************** *******_/++++::::::::::::::::::::/' |  | 4 |
|'\:/-\::::::::++*****+ '-'      *****\*X::***::++++::::::::::/--\/--'  |  +---+
| '-' '-\::::++\***+:\_.         ..|****:::::*X::::++::::::::/'  ''     |  | 3 |
|       '\:++:***+:::/-'         |\/::*XX::::::::::::::::::::|          |  +---+
|        |X+:**+::::/'          ./:/\:::/-\/\:::::::::::::::/'          |  | 2 |
|        '\:++:::::/'           |:/\/--\\_/\/::::::::::::/--'           |  +---+
|         'X+:::::/'            |:\/\__/:::::::::::::::::\.             |  | 1 |
|          '-\:/--'            ./::::::::::::/-\:::::::::/'             |  +---+
|            '\\_.             |:::::::::::::| '\:/--\:/-'              |
|             '--'             |:::::::::::/-'  '\|  '\|                |
+------- UNITED STATES ----------------------- SOVIET UNION ------------+
TRAJECTORY HEADING   TRAJECTORY HEADING
A-SS20-A 019 448     C-SS20-A 869 895
       B 023 673            B 697 086
                           LAUNCH CODE: CPE 1704 ___

ddddddddddddddddddddddd.bbbbbb.bbbbbbbbbbbbb.bbb.dddddddddddddddddddddddd.LLLLLL
d...............ldlllllddddoooooooooooo.............lllll...............d..ddddd
d........lllll..ldll..loooooiiiiiiioooooooooll.lllllldddllll.lll........d..d.5.d
dllllllllldddlllldlooooiiiiiiiiiiiiiiiiiloooooollldddddddddllldllllllll.d..ddddd
dlddddddddddddddloooiiiiiiiiiiiiiii.iiiiiiillooooddddddddddddddddddddll.d..d.4.d
dlldlllddddddddooiiiiio.lll......iiiiiliiddiiiddooooddddddddddllllllll..d..ddddd
d.lll.lllddddooliiiodlll.........llliiiidddddiiddddooddddddddll..ll.....d..d.3.d
d.......lldoodiiiodddlll.........lllddiiiddddddddddddddddddddl..........d..ddddd
d........loodiioddddll..........lldlldddllllldddddddddddddddll..........d..d.2.d
d........lldoodddddll...........ldlllllllllllddddddddddddllll...........d..ddddd
d.........loodddddll............ldlllllldddddddddddddddddll.............d..d111d
d..........llldllll............llddddddddddddllldddddddddll.............d..ddddd
d............lllll.............ldddddddddddddl.lldlllldlll..............d
d.............llll.............ldddddddddddlll..lll..lll................d
dddddddd.LLLLLL.LLLLLL.ddddddddddddddddddddddd.LLLLLL.LLLLL.ddddddddddddd
LLLLLLLLLL.LLLLLLL...LLLLLLLLLL.LLLLLLL
tttttttt.ttt.ttt.....tttttttt.ttt.ttt
.......t.ttt.ttt............t.ttt.ttt
...........................AAAAAA.AAAAA.AAA.AAAA.AAA
