==== strike 1, frame 0 (DEFCON 5) ====
+---------------------- GLOBAL THERMONUCLEAR WAR -----------------------+ DEFCON
|           . _..::__:  ,-"-"._        |7       ,     _,.__             |  +---+
|   _.___ _ _<_>`!(._`.`-.    /         _._     `_ ,_/  '  '-._.---.-.__|  | 5 |
|>.{     " " `-==,',._\{  \  / {)      / _ ">_,-' `                mt-2_|  +---+
|  \_.:--.       `._ )`^-. "'       , [_/(            +          __,/-' |  | 4 |
| '"'     \         "    _L        oD_,--'                )     /. (|   |  +---+
|          |           ,'          _)_.\\._<> 6              _,' /  '   |  | 3 |
|          `.         /           [_/_'` `"(                <'}  )      |  +---+
|           \\    .-. )           /   `-'"..' `:.#          _)  '       |  | 2 |
|    `        \  (  `(           /         `:\  > \  ,-^.  /' '         |  +---+
|              `._,   ""         |           \`'   \|   ?_)  {\         |  | 1 |
|                 `=.---.        `._._       ,'     "`  |' ,- '.        |  +---+
|                   |    `-._         |     /          `:`<_|h--._      |
|                   (        >        .     | ,          `=.__.`-'\     |
+--------- UNITED STATES ------------------------ SOVIET UNION ---------+
TRAJECTORY HEADING   TRAJECTORY HEADING          FORCES   ICBM  SLBM   BMB   AIR
A-SS20-A 019 448     C-SSN8-A 869 895            USSR      750   450   300     0
       B 023 673            B 697 086            US       1250   750   375     0
OUTGOING +   INCOMING *   IMPACT X

ddddddddddddddddddddddd.bbbbbb.bbbbbbbbbbbbb.bbb.dddddddddddddddddddddddd.LLLLLL
d...........l.llllllll..lllllll........ll.......l.....lllll.............d..ddddd
d...lllll.l.llllllllllllll....l.........lll.....ll.lll..l..llllllllllllld..d555d
dlll.....l.l.lllllllllll..l..l.ll......l.l.llllll.l................llllld..ddddd
d..lllllll.......lll.lllll.ll.......l.llll............o..........llllll.d..d.4.d
d.lll.....l.........l....ll........lllllll................l.....ll.ll...d..ddddd
d..........l...........ll..........llllllllll.l..............lll.l..l...d..d.3.d
d..........ll.........l...........llllll.lll................lll..l......d..ddddd
d...........ll....lll.l...........l...lllllll.llll..........ll..l.......d..d.2.d
d....l........l..l..ll...........l.........lll..l.l..llll..ll.l.........d..ddddd
d..............llll...ll.........l...........lll...ll...lll..ll.........d..d.1.d
d.................lllllll........lllll.......ll.....ll..ll.ll.ll........d..ddddd
d...................l....llll.........l.....l..........lllllllllll......d
d...................l........l........l.....l.l..........llllllllll.....d
dddddddddd.LLLLLL.LLLLLL.dddddddddddddddddddddddd.LLLLLL.LLLLL.dddddddddd
LLLLLLLLLL.LLLLLLL...LLLLLLLLLL.LLLLLLL..........LLLLLL...LLLL..LLLL...LLL...LLL
tttttttt.ttt.ttt.....tttttttt.ttt.ttt............LLLL......ooo...ooo...ooo.....o
.......t.ttt.ttt............t.ttt.ttt............LL.......iiii...iii...iii.....i
dddddddd.o...dddddddd.i...dddddd.t

==== strike 1, frame 20 ====
+---------------------- GLOBAL THERMONUCLEAR WAR -----------------------+ DEFCON
|           . _..::__:  ++++********+++++++++++++     _,.__             |  +---+
|   _.___ _ _<_>`!(._`.+***** /      ********   `+++_/  '  '-._.---.-.__|  | 5 |
|>.{     " " `-==,',****  \  / {)      / **">_,-' `+++             mt-2_|  +---+
|  \_.:--. +     ****)`^-. "'       , [_/(           ++          __,/-' |  | 4 |
| '"'     ++X   **  "    _L        oD_,--'                )     /. (|   |  +---+
|         ++++         ,'          _)_.\\._<> 6              _,' /  '   |  | 3 |
|          `.X        /           [_/_'` `"(                <'}  )      |  +---+
|           \\    .-. )           /   `-'"..' `:.#          _)  '       |  | 2 |
|    `        \  (  `(           /         `:\  > \  ,-^.  /' '         |  +---+
|              `._,   ""         |           \`'   \|   ?_)  {\         |  | 1 |
|                 `=.---.        `._._       ,'     "`  |' ,- '.        |  +---+
|                   |    `-._         |     /          `:`<_|h--._      |
|                   (        >        .     | ,          `=.__.`-'\     |
+--------- UNITED STATES ------------------------ SOVIET UNION ---------+
TRAJECTORY HEADING   TRAJECTORY HEADING          FORCES   ICBM  SLBM   BMB   AIR
A-SS20-A 019 448     C-SSN8-A 869 895            USSR      750   450   300     0
       B 023 673            B 697 086            US        937   562     0   375
OUTGOING +   INCOMING *   IMPACT X

ddddddddddddddddddddddd.bbbbbb.bbbbbbbbbbbbb.bbb.dddddddddddddddddddddddd.LLLLLL
d...........l.llllllll..ooooiiiiiiiiooooooooooooo.....lllll.............d..ddddd
d...lllll.l.llllllllllloiiiii.l......iiiiiiii...loooll..l..llllllllllllld..d.5.d
dlll.....l.l.llllllliiii..l..l.ll......l.iillllll.looo.............llllld..ddddd
d..lllllll.o.....iiiilllll.ll.......l.llll...........oo..........llllll.d..d444d
d.lll.....ooo...ii..l....ll........lllllll................l.....ll.ll...d..ddddd
d.........oooo.........ll..........llllllllll.l..............lll.l..l...d..d.3.d
d..........llo........l...........llllll.lll................lll..l......d..ddddd
d...........ll....lll.l...........l...lllllll.llll..........ll..l.......d..d.2.d
d....l........l..l..ll...........l.........lll..l.l..llll..ll.l.........d..ddddd
d..............llll...ll.........l...........lll...ll...lll..ll.........d..d.1.d
d.................lllllll........lllll.......ll.....ll..ll.ll.ll........d..ddddd
d...................l....llll.........l.....l..........lllllllllll......d
d...................l........l........l.....l.l..........llllllllll.....d
dddddddddd.LLLLLL.LLLLLL.dddddddddddddddddddddddd.LLLLLL.LLLLL.dddddddddd
LLLLLLLLLL.LLLLLLL...LLLLLLLLLL.LLLLLLL..........LLLLLL...LLLL..LLLL...LLL...LLL
tttttttt.ttt.ttt.....tttttttt.ttt.ttt............LLLL......ooo...ooo...ooo.....o
.......t.ttt.ttt............t.ttt.ttt............LL........iii...iii.....i...iii
dddddddd.o...dddddddd.i...dddddd.t

==== strike 2 orders (DEFCON 4) ====
+---------------------- GLOBAL THERMONUCLEAR WAR -----------------------+ DEFCON
|           . _..::__:  ++++********************+     _,.__             |  +---+
|   _.___ _ _<_>`!(._+++***** /      ***************_/  '  '-._.---.-.__|  | 5 |
|>.{     " " `-==,'+****  \  / {)      /***">**** ******           mt-2_|  +---+
|  \_.:--. +     ****)`^-. "'       , [_/(**    *X   *X*X        __,/-' |  | 4 |
| '"'     ++X   **  "    _L        oD_,--' X              )     /. (|   |  +---+
|         ++++         ,'          _)_.\\._<> 6              _,' /  '   |  | 3 |
|          `.X        /           [_/_'` `"(                <'}  )      |  +---+
|           \\    .-. )           /   `-'"..' `:.#          _)  '       |  | 2 |
|    `        \  (  `(           /         `:\  > \  ,-^.  /' '         |  +---+
|              `._,   ""         |           \`'   \|   ?_)  {\         |  | 1 |
|                 `=.---.        `._._       ,'     "`  |' ,- '.        |  +---+
|                   |    `-._         |     /          `:`<_|h--._      |
|                   (        >        .     | ,          `=.__.`-'\     |
+--------- UNITED STATES ------------------------ SOVIET UNION ---------+
TRAJECTORY HEADING   TRAJECTORY HEADING          FORCES   ICBM  SLBM   BMB   AIR
A-SS20-A 019 448     C-SSN8-A 869 895            USSR      500   450   200     0
       B 023 673            B 697 086            US        737   562     0   375
ORDERS: PERCENT OF ICBM SLBM BOMBERS, ALL, HOLD, AUTO, HELP.

ddddddddddddddddddddddd.bbbbbb.bbbbbbbbbbbbb.bbb.dddddddddddddddddddddddd.LLLLLL
d...........l.llllllll..ooooiiiiiiiiiiiiiiiiiiiio.....lllll.............d..ddddd
d...lllll.l.llllllllloooiiiii.l......iiiiiiiiiiiiiiill..l..llllllllllllld..d.5.d
dlll.....l.l.lllllloiiii..l..l.ll......liiilliiii.iiiiii...........llllld..ddddd
d..lllllll.o.....iiiilllll.ll.......l.llllii....ii...iiii........llllll.d..d444d
d.lll.....ooo...ii..l....ll........lllllll.i..............l.....ll.ll...d..ddddd
d.........oooo.........ll..........llllllllll.l..............lll.l..l...d..d.3.d
d..........llo........l...........llllll.lll................lll..l......d..ddddd
d...........ll....lll.l...........l...lllllll.llll..........ll..l.......d..d.2.d
d....l........l..l..ll...........l.........lll..l.l..llll..ll.l.........d..ddddd
d..............llll...ll.........l...........lll...ll...lll..ll.........d..d.1.d
d.................lllllll........lllll.......ll.....ll..ll.ll.ll........d..ddddd
d...................l....llll.........l.....l..........lllllllllll......d
d...................l........l........l.....l.l..........llllllllll.....d
dddddddddd.LLLLLL.LLLLLL.dddddddddddddddddddddddd.LLLLLL.LLLLL.dddddddddd
LLLLLLLLLL.LLLLLLL...LLLLLLLLLL.LLLLLLL..........LLLLLL...LLLL..LLLL...LLL...LLL
tttttttt.ttt.ttt.....tttttttt.ttt.ttt............LLLL......ooo...ooo...ooo.....o
.......t.ttt.ttt............t.ttt.ttt............LL........iii...iii.....i...iii
ddddddd.ddddddd.dd.dddd.dddd.dddddddd.dddd.ddddd.ddddd.ddddd

==== strike 2 (ICBM 100, BOMBERS 100), frame 20 ====
+---------------------- GLOBAL THERMONUCLEAR WAR -----------------------+ DEFCON
|           . _..::__:  +++++++++++++++++++++++++     _,.__             |  +---+
|   _.___ _ _<_>`!(._`.+******/      ****._     `+++_/  '  '-._.---.-.__|  | 5 |
|>.{     " " `-==,',*******  / {)      /** ">_,-' `+++             mt-2_|  +---+
|  \_.:--.       *****`^-. "'       , [_/( X     X   ++ X   **** __,/-' |  | 4 |
| '"'     \ X   **  "    _L        oD_,--' X              )**  ******   |  +---+
|          |           ,'          _)_.\\._<> 6              _,' /  **  |  | 3 |
|          `.X        /           [_/_'` `"(                <'}  )      |  +---+
|           \\    .-. )           /   `-'"..' `:.#          _)  '       |  | 2 |
|    `        \  (  `(           /         `:\  > \  ,-^.  /' '         |  +---+
|              `._,   ""         |           \`'   \|   ?_)  {\         |  | 1 |
|                 `=.---.        `._._       ,'     "`  |' ,- '.        |  +---+
|                   |    `-._         |     /          `:`<_|h--._      |
|                   (        >        .     | ,          `=.__.`-'\     |
+--------- UNITED STATES ------------------------ SOVIET UNION ---------+
TRAJECTORY HEADING   TRAJECTORY HEADING          FORCES   ICBM  SLBM   BMB   AIR
A-SS20-A 476 377     C-SS20-A 485 868            USSR        0   450     0   200
       B 001 419            B 887 229            US        112   462     0   375
OUTGOING +   INCOMING *   IMPACT X

ddddddddddddddddddddddd.bbbbbb.bbbbbbbbbbbbb.bbb.dddddddddddddddddddddddd.LLLLLL
d...........l.llllllll..ooooooooooooooooooooooooo.....lllll.............d..ddddd
d...lllll.l.llllllllllloiiiiiil......iiiill.....loooll..l..llllllllllllld..d.5.d
dlll.....l.l.llllllliiiiiii..l.ll......lii.llllll.looo.............llllld..ddddd
d..lllllll.......iiiiillll.ll.......l.llll.i.....i...oo.i...iiii.llllll.d..d.4.d
d.lll.....l.o...ii..l....ll........lllllll.i..............lii..iiiiii...d..ddddd
d..........l...........ll..........llllllllll.l..............lll.l..ii..d..d333d
d..........llo........l...........llllll.lll................lll..l......d..ddddd
d...........ll....lll.l...........l...lllllll.llll..........ll..l.......d..d.2.d
d....l........l..l..ll...........l.........lll..l.l..llll..ll.l.........d..ddddd
d..............llll...ll.........l...........lll...ll...lll..ll.........d..d.1.d
d.................lllllll........lllll.......ll.....ll..ll.ll.ll........d..ddddd
d...................l....llll.........l.....l..........lllllllllll......d
d...................l........l........l.....l.l..........llllllllll.....d
dddddddddd.LLLLLL.LLLLLL.dddddddddddddddddddddddd.LLLLLL.LLLLL.dddddddddd
LLLLLLLLLL.LLLLLLL...LLLLLLLLLL.LLLLLLL..........LLLLLL...LLLL..LLLL...LLL...LLL
tttttttt.ttt.ttt.....tttttttt.ttt.ttt............LLLL........o...ooo.....o...ooo
.......t.ttt.ttt............t.ttt.ttt............LL........iii...iii.....i...iii
dddddddd.o...dddddddd.i...dddddd.t

==== strike 3 orders (DEFCON 3) ====
+---------------------- GLOBAL THERMONUCLEAR WAR -----------------------+ DEFCON
|           . _..::__:  +++++++++++++++++++++++++     _,.__             |  +---+
|   _.___ _ _<_>`!(._+++*****************._     `+++_/  '  '-._.---.-.__|  | 5 |
|>.{     " " `-==,'+*******  / {) ******** ">_,-' `+++             mt-2_|  +---+
|  \_.:--.       *****`^-. "'       , [*****     X   ++ X   **** __,/-' |  | 4 |
| '"'     \ X   **X "    _L        oD_,--' XX            X***  ******   |  +---+
|          |           ,'          _)_.\\._<> 6              _,' /  **  |  | 3 |
|          `.X        /           [_/_'` `"(                <'}  )      |  +---+
|           \\    .-. )           /   `-'"..' `:.#          _)  '       |  | 2 |
|    `        \  (  `(           /         `:\  > \  ,-^.  /' '         |  +---+
|              `._,   ""         |           \`'   \|   ?_)  {\         |  | 1 |
|                 `=.---.        `._._       ,'     "`  |' ,- '.        |  +---+
|                   |    `-._         |     /          `:`<_|h--._      |
|                   (        >        .     | ,          `=.__.`-'\     |
+--------- UNITED STATES ------------------------ SOVIET UNION ---------+
TRAJECTORY HEADING   TRAJECTORY HEADING          FORCES   ICBM  SLBM   BMB   AIR
A-SS20-A 476 377     C-SS20-A 485 868            USSR        0   450     0   200
       B 001 419            B 887 229            US          0   462     0   375
LAST ORDERS: AT DEFCON 1 WOPR FIRES EVERYTHING.

ddddddddddddddddddddddd.bbbbbb.bbbbbbbbbbbbb.bbb.dddddddddddddddddddddddd.LLLLLL
d...........l.llllllll..ooooooooooooooooooooooooo.....lllll.............d..ddddd
d...lllll.l.llllllllloooiiiiiiiiiiiiiiiiill.....loooll..l..llllllllllllld..d.5.d
dlll.....l.l.lllllloiiiiiii..l.ll.iiiiiiii.llllll.looo.............llllld..ddddd
d..lllllll.......iiiiillll.ll.......l.liiiii.....i...oo.i...iiii.llllll.d..d.4.d
d.lll.....l.o...iio.l....ll........lllllll.ii............iiii..iiiiii...d..ddddd
d..........l...........ll..........llllllllll.l..............lll.l..ii..d..d333d
d..........llo........l...........llllll.lll................lll..l......d..ddddd
d...........ll....lll.l...........l...lllllll.llll..........ll..l.......d..d.2.d
d....l........l..l..ll...........l.........lll..l.l..llll..ll.l.........d..ddddd
d..............llll...ll.........l...........lll...ll...lll..ll.........d..d.1.d
d.................lllllll........lllll.......ll.....ll..ll.ll.ll........d..ddddd
d...................l....llll.........l.....l..........lllllllllll......d
d...................l........l........l.....l.l..........llllllllll.....d
dddddddddd.LLLLLL.LLLLLL.dddddddddddddddddddddddd.LLLLLL.LLLLL.dddddddddd
LLLLLLLLLL.LLLLLLL...LLLLLLLLLL.LLLLLLL..........LLLLLL...LLLL..LLLL...LLL...LLL
tttttttt.ttt.ttt.....tttttttt.ttt.ttt............LLLL........o...ooo.....o...ooo
.......t.ttt.ttt............t.ttt.ttt............LL..........i...iii.....i...iii
AAAA.AAAAAAA.AA.AAAAAA.A.AAAA.AAAAA.AAAAAAAAAAA

==== DEFCON 1, frame 20 ====
+---------------------- GLOBAL THERMONUCLEAR WAR -----------------------+ DEFCON
|           . _..::__:  ,-"-"._       ****      ,     _,.__             |  +---+
|   _.___ _ _<_>`!(._`.`-.    /      ******     `_ ,_/  '  '-._.---.-.__|  | 5 |
|>.{     " " `-==,',._\{  \+ + +)+ +   / _**>+,+'+`+               mt-2_|  +---+
|  \_.:--.       `._ )`^-. "'  * *  , [_/(X*XX   X + +X X        __,/-' |  | 4 |
| '"'     \ X   X*X*"* * *L* *     oD_,--' XX            X)     *****   |  +---+
|          |           ,'          _)_.\\._<> 6   X          _,X*/  **  |  | 3 |
|          `.X        /           [_/_'` `"(                <'}  )      |  +---+
|           \\    .-. )           /   `-'"..' `:.#          _)  '       |  | 2 |
|    `        \  (  `(           /         `:\  > \  ,-^.  /' '         |  +---+
|              `._,   ""         |           \`'   \|   ?_)  {\         |  | 1 |
|                 `=.---.        `._._       ,'     "`  |' ,- '.        |  +---+
|                   |    `-._         |     /          `:`<_|h--._      |
|                   (        >        .     | ,          `=.__.`-'\     |
+--------- UNITED STATES ------------------------ SOVIET UNION ---------+
TRAJECTORY HEADING   TRAJECTORY HEADING          FORCES   ICBM  SLBM   BMB   AIR
A-SSN8-A 948 219     C-SSN8-A 156 885            USSR        0     0     0   200
       B 824 228            B 623 229            US          0     0     0   375
OUTGOING +   INCOMING *   IMPACT X

ddddddddddddddddddddddd.bbbbbb.bbbbbbbbbbbbb.bbb.dddddddddddddddddddddddd.LLLLLL
d...........l.llllllll..lllllll.......iiii......l.....lllll.............d..ddddd
d...lllll.l.llllllllllllll....l......iiiiii.....ll.lll..l..llllllllllllld..d.5.d
dlll.....l.l.lllllllllll..lo.o.olo.o...l.liilolololo...............llllld..ddddd
d..lllllll.......lll.lllll.ll..i.i..l.lllliiii...i.o.oi.i........llllll.d..d.4.d
d.lll.....l.o...oioili.i.ili.i.....lllllll.ii............il.....iiiii...d..ddddd
d..........l...........ll..........llllllllll.l...i..........lliil..ii..d..d.3.d
d..........llo........l...........llllll.lll................lll..l......d..ddddd
d...........ll....lll.l...........l...lllllll.llll..........ll..l.......d..d.2.d
d....l........l..l..ll...........l.........lll..l.l..llll..ll.l.........d..ddddd
d..............llll...ll.........l...........lll...ll...lll..ll.........d..d111d
d.................lllllll........lllll.......ll.....ll..ll.ll.ll........d..ddddd
d...................l....llll.........l.....l..........lllllllllll......d
d...................l........l........l.....l.l..........llllllllll.....d
dddddddddd.LLLLLL.LLLLLL.dddddddddddddddddddddddd.LLLLLL.LLLLL.dddddddddd
LLLLLLLLLL.LLLLLLL...LLLLLLLLLL.LLLLLLL..........LLLLLL...LLLL..LLLL...LLL...LLL
tttttttt.ttt.ttt.....tttttttt.ttt.ttt............LLLL........o.....o.....o...ooo
.......t.ttt.ttt............t.ttt.ttt............LL..........i.....i.....i...iii
dddddddd.o...dddddddd.i...dddddd.t

==== DEFCON 1, assessed ====
+---------------------- GLOBAL THERMONUCLEAR WAR -----------------------+ DEFCON
|           . _..::__:  ,-"-"._       ****      ,     _,.__             |  +---+
|   _.___ _ _<_>`!(._`.`-.    /      ******     `_ ,_/  '  '-._.---.-.__|  | 5 |
|>.{     " " `-==,',._\{  \+ + +)+ +   / _**>+,+'+`+               mt-2_|  +---+
|  \_.:--.       `._ )`+-+ "'  * * *,*[*/*XXXX   X + +X X        __,/-' |  | 4 |
| '"'     \ X   X*X*"* * *L* *     oD_,--' XX            X)     *****   |  +---+
|          |   + +     ,'          _)_.\\._<> 6   X          _,X*/  **  |  | 3 |
|          `.X        /           [_/_'` `"(                <'}  )      |  +---+
|           \\    .-. )           /   `-'"..' `:.#          _)  '       |  | 2 |
|    `        \  (  `(           /         `:\  > \  ,-^.  /' '         |  +---+
|              `._,   ""         |           \`'   \|   ?_)  {\         |  | 1 |
|                 `=.---.        `._._       ,'     "`  |' ,- '.        |  +---+
|                   |    `-._         |     /          `:`<_|h--._      |
|                   (        >        .     | ,          `=.__.`-'\     |
+--------- UNITED STATES ------------------------ SOVIET UNION ---------+
TRAJECTORY HEADING   TRAJECTORY HEADING          FORCES   ICBM  SLBM   BMB   AIR
A-SSN8-A 948 219     C-SSN8-A 156 885            USSR        0     0     0     0
       B 824 228            B 623 229            US          0     0     0     0
OUTGOING +   INCOMING *   IMPACT X

ddddddddddddddddddddddd.bbbbbb.bbbbbbbbbbbbb.bbb.dddddddddddddddddddddddd.LLLLLL
d...........l.llllllll..lllllll.......iiii......l.....lllll.............d..ddddd
d...lllll.l.llllllllllllll....l......iiiiii.....ll.lll..l..llllllllllllld..d.5.d
dlll.....l.l.lllllllllll..lo.o.olo.o...l.liilolololo...............llllld..ddddd
d..lllllll.......lll.llolo.ll..i.i.ilililiiiii...i.o.oi.i........llllll.d..d.4.d
d.lll.....l.o...oioili.i.ili.i.....lllllll.ii............il.....iiiii...d..ddddd
d..........l...o.o.....ll..........llllllllll.l...i..........lliil..ii..d..d.3.d
d..........llo........l...........llllll.lll................lll..l......d..ddddd
d...........ll....lll.l...........l...lllllll.llll..........ll..l.......d..d.2.d
d....l........l..l..ll...........l.........lll..l.l..llll..ll.l.........d..ddddd
d..............llll...ll.........l...........lll...ll...lll..ll.........d..d111d
d.................lllllll........lllll.......ll.....ll..ll.ll.ll........d..ddddd
d...................l....llll.........l.....l..........lllllllllll......d
d...................l........l........l.....l.l..........llllllllll.....d
dddddddddd.LLLLLL.LLLLLL.dddddddddddddddddddddddd.LLLLLL.LLLLL.dddddddddd
LLLLLLLLLL.LLLLLLL...LLLLLLLLLL.LLLLLLL..........LLLLLL...LLLL..LLLL...LLL...LLL
tttttttt.ttt.ttt.....tttttttt.ttt.ttt............LLLL........o.....o.....o.....o
.......t.ttt.ttt............t.ttt.ttt............LL..........i.....i.....i.....i
dddddddd.o...dddddddd.i...dddddd.t

==== kill ratios ====
                             PROJECTED KILL RATIOS

    SOVIET UNION                                      UNITED STATES
    UNITS DESTROYED                                   UNITS DESTROYED
                            MILITARY ASSETS
              150           BOMBERS                              93
              250           ICBM                                312
               78           ATTACK SUBS                          63
             1951           TACTICAL AIRCRAFT                  1580
              146           GROUND FORCES                       118
                            CIVILIAN ASSETS
              75%           HOUSING                             61%
              79%           COMMUNICATIONS                      64%
              73%           TRANSPORTATION                      59%
              62%           FOOD STOCKPILES                     50%
              82%           HOSPITALS                           66%
                            HUMAN RESOURCES (MILLIONS)
             49.8           NON-FATAL INJURED                  40.3
            145.1           POPULATION DEATHS                 117.5

.............................bbbbbbbbb.bbbb.bbbbbb

....LLLLLL.LLLLL......................................LLLLLL.LLLLLL
....ddddd.ddddddddd...................................ddddd.ddddddddd
............................LLLLLLLL.LLLLLL
..............ooo...........ttttttt..............................ii
..............ooo...........tttt................................iii
...............oo...........tttttt.tttt..........................ii
.............oooo...........tttttttt.tttttttt..................iiii
..............ooo...........tttttt.tttttt.......................iii
............................LLLLLLLL.LLLLLL
..............ooo...........ttttttt.............................iii
..............ooo...........tttttttttttttt......................iii
..............ooo...........tttttttttttttt......................iii
..............ooo...........tttt.tttttttttt.....................iii
..............ooo...........ttttttttt...........................iii
............................LLLLL.LLLLLLLLL.LLLLLLLLLL
.............oooo...........ttttttttt.ttttttt..................iiii
............ooooo...........tttttttttt.tttttt.................iiiii

==== climax ====
+---------------------- GLOBAL THERMONUCLEAR WAR -----------------------+ DEFCON
|           . _..::__:  ,-"-"._       ****      ,     _,.__             |  +---+
|   _.___ _ _<_>`!(._`.`-.    /      ******     `_ ,_/  '  '-._.---.-.__|  | 5 |
|>.{     " " `-==,',._\{  \+ + +)+ +   / _**>+,+'+`+               mt-2_|  +---+
|  \_.:--.       `._ )`+-+ "'  * * *,*[*/*XXXX   X + +X X        __,/-' |  | 4 |
| '"'     \ X   X*X*"* * *L* *     oD_,--' XX            X)     *****   |  +---+
|          |   + +     ,'          _)_.\\._<> 6   X          _,X*/  **  |  | 3 |
|          `.X        /           [_/_'` `"(                <'}  )      |  +---+
|           \\    .-. )           /   `-'"..' `:.#          _)  '       |  | 2 |
|    `        \  (  `(           /         `:\  > \  ,-^.  /' '         |  +---+
|              `._,   ""         |           \`'   \|   ?_)  {\         |  | 1 |
|                 `=.---.        `._._       ,'     "`  |' ,- '.        |  +---+
|                   |    `-._         |     /          `:`<_|h--._      |
|                   (        >        .     | ,          `=.__.`-'\     |
+--------- UNITED STATES ------------------------ SOVIET UNION ---------+
TRAJECTORY HEADING   TRAJECTORY HEADING          FORCES   ICBM  SLBM   BMB   AIR
A-SSN8-A 948 219     C-SSN8-A 156 885            USSR        0     0     0     0
       B 824 228            B 623 229            US          0     0     0     0
                           LAUNCH CODE: CPE 1704 ___

ddddddddddddddddddddddd.bbbbbb.bbbbbbbbbbbbb.bbb.dddddddddddddddddddddddd.LLLLLL
d...........l.llllllll..lllllll.......iiii......l.....lllll.............d..ddddd
d...lllll.l.llllllllllllll....l......iiiiii.....ll.lll..l..llllllllllllld..d.5.d
dlll.....l.l.lllllllllll..lo.o.olo.o...l.liilolololo...............llllld..ddddd
d..lllllll.......lll.llolo.ll..i.i.ilililiiiii...i.o.oi.i........llllll.d..d.4.d
d.lll.....l.o...oioili.i.ili.i.....lllllll.ii............il.....iiiii...d..ddddd
d..........l...o.o.....ll..........llllllllll.l...i..........lliil..ii..d..d.3.d
d..........llo........l...........llllll.lll................lll..l......d..ddddd
d...........ll....lll.l...........l...lllllll.llll..........ll..l.......d..d.2.d
d....l........l..l..ll...........l.........lll..l.l..llll..ll.l.........d..ddddd
d..............llll...ll.........l...........lll...ll...lll..ll.........d..d111d
d.................lllllll........lllll.......ll.....ll..ll.ll.ll........d..ddddd
d...................l....llll.........l.....l..........lllllllllll......d
d...................l........l........l.....l.l..........llllllllll.....d
dddddddddd.LLLLLL.LLLLLL.dddddddddddddddddddddddd.LLLLLL.LLLLL.dddddddddd
LLLLLLLLLL.LLLLLLL...LLLLLLLLLL.LLLLLLL..........LLLLLL...LLLL..LLLL...LLL...LLL
tttttttt.ttt.ttt.....tttttttt.ttt.ttt............LLLL........o.....o.....o.....o
.......t.ttt.ttt............t.ttt.ttt............LL..........i.....i.....i.....i
...........................AAAAAA.AAAAA.AAA.AAAA.AAA
