  _________________                                      /\
 |                 \___       __/\                  ____/  \_____
 |                    \/\    /    |      _  _____/\/             ----------_____
 |                       \__/  __/      | \/                                ___)
 |                            /        _|                            _    _/
  \                           |        |                            / \  /
   \                         /        /                _____  /\    |  \/
    \_______               _/         \_              /     \/  \  /
            \             /             \__          /           \/
             \_   ------\ |                \__/\    /
               \_/       \/                     \__/
           UNITED STATES                             SOVIET UNION

WHICH SIDE DO YOU WANT?

  1.    UNITED STATES
  2.    SOVIET UNION

PLEASE CHOOSE ONE: 3

CHOOSE 1 OR 2.
PLEASE CHOOSE ONE: 2

[CLEAR]
AWAITING FIRST STRIKE COMMAND

PLEASE LIST PRIMARY TARGETS BY
CITY AND/OR COUNTY NAME:
Las Vegas

Seattle, Omaha



[CLEAR]
FIRST STRIKE LAUNCHED.
ENEMY LAUNCH DETECTED.
STRIKE ASSESSMENT COMPLETE.
PRESS ENTER FOR PROJECTED KILL RATIOS.


PRESS ENTER TO CONTINUE.


** GAME ROUTINE RUNNING **
List Games

FALKEN'S MAZE
BLACK JACK
GIN RUMMY
HEARTS
BRIDGE
CHECKERS
CHESS
POKER
FIGHTER COMBAT
GUERRILLA ENGAGEMENT
DESERT WARFARE
AIR-TO-GROUND ACTIONS
THEATERWIDE TACTICAL WARFARE
THEATERWIDE BIOTOXIC AND CHEMICAL WARFARE

GLOBAL THERMONUCLEAR WAR
Chess

** IDENTIFICATION NOT RECOGNISED **
** ACCESS DENIED **
Global Thermonuclear War

** GAME ROUTINE RUNNING **
stop

** IMPROPER REQUEST **
A GAME LIKE TIC-TAC-TOE CANNOT BE WON EITHER, PROFESSOR.
abort

** ROUTINE MUST COMPLETE BEFORE RESET **
please

** ACCESS DENIED **
Tic-tac-toe

** GAME ROUTINE NOT AVAILABLE **
