                     .---.                                  LAST TRICK
              NORTH  |QH |                                  NORTH  KS
       .---.         '---'         . - .                    EAST   2S
  WEST |10H|                       :   : EAST               SOUTH  AS
       '---'  SOUTH                ' - '                    WEST   9D
                                                            TAKEN BY SOUTH

.-.-.-.-.-.-.-.-.-.---.       .---.  .---.  . - .
|/|/|/|/|/|/|/|/|/|/\/|       |QS |  |/\/|  :   :
'-'-'-'-'-'-'-'-'-'---'       '---'  '---'  ' - '

.---.---.---.---.
|KS |10H|4D |AC |




.....................bbbbb..................................LLLL.LLLLL
..............LLLLL..brr.b..................................ddddd..kk
.......bbbbb.........bbbbb.........d.d.d....................dddd...kk
..LLLL.brrrb.......................d...d.LLLL...............ddddd..kk
.......bbbbb..LLLLL................d.d.d....................dddd...rr
............................................................ddddd.dd.ddddd

ddddddddddddddddddddddd.......bbbbb..ddddd..d.d.d
ddddddddddddddddddddddd.......bkk.b..ddddd..d...d
ddddddddddddddddddddddd.......bbbbb..ddddd..d.d.d

ttttttttttttttttt
tkk.trrrtrr.tkk.t



