                                    CHECKERS

                           8      w     w     w     w
                           7   w     w     w     w
                           6      w     w     w     w
                           5   .     .     .     .
                           4      .     .     .     .
                           3   b     b     b     b
                           2      b     b     b     b
                           1   b     b     b     b
                               a  b  c  d  e  f  g  h


....................................bbbbbbbb

...........................d......b.....b.....b.....b
...........................d...b.....b.....b.....b
...........................d......b.....b.....b.....b
...........................d...d.....d.....d.....d
...........................d......d.....d.....d.....d
...........................d...t.....t.....t.....t
...........................d......t.....t.....t.....t
...........................d...t.....t.....t.....t
...............................d..d..d..d..d..d..d..d

