      .-"""""""-.            a  b  c  d  e  f  g  h
    .'  .-"""-.  '.        .------------------------.
   (   (       )   )     8 |   (w)   (w)   (w)   (w)| 8   WOPR   WHITE
   |'.  '-...-'  .'|     7 |(w)   (w)   (w)   (w)   | 7   MEN    12
   |  '-._____.-'  |     6 |   (w)   (w)   (w)   (w)| 6
   |'-._________.-'|     5 |:::   :::   :::   :::   | 5   MOVE   1
   |               |     4 |   :::   :::   :::   :::| 4
    '-._________.-'      3 |(b)   (b)   (b)   (b)   | 3
                         2 |   (b)   (b)   (b)   (b)| 2   MEN    12
    C H E C K E R S      1 |(b)   (b)   (b)   (b)   | 1   YOU    BLACK
                           '------------------------'
                             a  b  c  d  e  f  g  h

......ddddddddddd............d..d..d..d..d..d..d..d
....dd..ddddddd..dd........dddddddddddddddddddddddddd
...d...d.......d...d.....d.d...bbb...bbb...bbb...bbbd.d...LLLL...ttttt
...ddd..ddddddd..ddd.....d.dbbb...bbb...bbb...bbb...d.d...ddd....tt
...d..ddddddddddd..d.....d.d...bbb...bbb...bbb...bbbd.d
...ddddddddddddddddd.....d.dddd...ddd...ddd...ddd...d.d...dddd...t
...d...............d.....d.d...ddd...ddd...ddd...dddd.d
....ddddddddddddddd......d.dttt...ttt...ttt...ttt...d.d
.........................d.d...ttt...ttt...ttt...tttd.d...ddd....tt
....L.L.L.L.L.L.L.L......d.dttt...ttt...ttt...ttt...d.d...LLL....ttttt
...........................dddddddddddddddddddddddddd
.............................d..d..d..d..d..d..d..d
