ONE OR TWO PLAYERS?
PLEASE LIST NUMBER OF PLAYERS: 2

** IMPROPER REQUEST **
ONE OR TWO PLAYERS?
PLEASE LIST NUMBER OF PLAYERS: three

** IMPROPER REQUEST **
ONE OR TWO PLAYERS?
PLEASE LIST NUMBER OF PLAYERS: 1

YOU ARE X. WOPR IS O.
YOUR MOVE: 5

WOPR: 7
YOUR MOVE: 1

WOPR: 9
YOUR MOVE: 2

WOPR: 8
WINNER: WOPR.
WANT TO PLAY AGAIN?
maybe

** IMPROPER REQUEST **
no

ONE OR TWO PLAYERS?
PLEASE LIST NUMBER OF PLAYERS: 1

YOU ARE X. WOPR IS O.
YOUR MOVE: 1

WOPR: 5
YOUR MOVE: 9

WOPR: 2
YOUR MOVE: 3

WOPR: 8
WINNER: WOPR.
WANT TO PLAY AGAIN?
7

** IMPROPER REQUEST **
4

** IMPROPER REQUEST **
6

** IMPROPER REQUEST **
2

** IMPROPER REQUEST **
8

** IMPROPER REQUEST **
0

** GAME ROUTINE NOT AVAILABLE **
