[CLEAR]
ONE OR TWO PLAYERS?
PLEASE LIST NUMBER OF PLAYERS: 1

YOU ARE X. WOPR IS O.
YOUR MOVE: 5

WOPR: 3
YOUR MOVE: 1

WOPR: 9
YOUR MOVE: 3

CHOOSE AN EMPTY SQUARE, 1 TO 9.
YOUR MOVE: 4

WOPR: 6

  \\    //  |            |   //""\\
     ><     |            |  ((    ))
  //    \\  |            |   \\__//
------------+------------+------------
  \\    //  |  \\    //  |   //""\\
     ><     |     ><     |  ((    ))
  //    \\  |  //    \\  |   \\__//
------------+------------+------------
            |            |   //""\\
            |            |  ((    ))
            |            |   \\__//
