                                  TIC-TAC-TOE
                              1    |   2    |   3
                                   |        |
                           --------+--------+--------
                              4    |  \\//  |   6
                                   |  //\\  |
                           --------+--------+--------
                              7    |   8    |   9
                                   |        |

..................................LLLLLLLLLLL
..............................d....d...d....d...d
...................................d........d
...........................dddddddddddddddddddddddddd
..............................d....d..bbbb..d...d
...................................d..bbbb..d
...........................dddddddddddddddddddddddddd
..............................d....d...d....d...d
...................................d........d
