                                  TIC-TAC-TOE

                                   1 | 2 | 3
                                  ---+---+---
                                   4 | X | 6
                                  ---+---+---
                                   7 | 8 | 9



..................................bbbbbbbbbbb

...................................d.d.d.d.d
..................................ddddddddddd
...................................d.d.b.d.d
..................................ddddddddddd
...................................d.d.d.d.d


