==== players, 9 rows ====



          XXXXX XXX  XXX       OOOOO  OOO   OOO       XXXXX  XXX  XXXX
            X    X  X            O   O   O O            X   X   X X
            X    X  X     ---    O   OOOOO O     ---    X   X   X XXX
            X    X  X            O   O   O O            X   X   X X
            X   XXX  XXX         O   O   O  OOO         X    XXX  XXXX







..........bbbbb.bbb..bbb.......bbbbb..bbb...bbb.......bbbbb..bbb..bbbb
............b....b..b............b...b...b.b............b...b...b.b
............b....b..b.....bbb....b...bbbbb.b.....bbb....b...b...b.bbb
............b....b..b............b...b...b.b............b...b...b.b
............b...bbb..bbb.........b...b...b..bbb.........b....bbb..bbbb





==== one player, 9 rows ====
                                  TIC-TAC-TOE
                       \\    //  |            |   //""\\
                          ><     |     2      |  ((    ))
                       //    \\  |            |   \\__//
                     ------------+------------+------------
                                 |  \\    //  |
           YOU  X         4      |     ><     |     6          O  WOPR
                                 |  //    \\  |
                     ------------+------------+------------
                                 |            |   //""\\
                          7      |     8      |  ((    ))
                                 |            |   \\__//
..................................LLLLLLLLLLL
.......................bb....bb..d............d...tttttt
..........................bb.....d.....d......d..tt....tt
.......................bb....bb..d............d...tttttt
.....................dddddddddddddddddddddddddddddddddddddd
.................................d..bb....bb..d
...........LLL..b.........d......d.....bb.....d.....d..........t..LLLL
.................................d..bb....bb..d
.....................dddddddddddddddddddddddddddddddddddddd
.................................d............d...tttttt
..........................d......d.....d......d..tt....tt
.................................d............d...tttttt

==== one player, 12 rows ====
                                  TIC-TAC-TOE
                       \\    //  |            |   //""\\
                          ><     |     2      |  ((    ))
                       //    \\  |            |   \\__//
                     ------------+------------+------------
                                 |  \\    //  |
           YOU  X         4      |     ><     |     6          O  WOPR
                                 |  //    \\  |
                     ------------+------------+------------
                                 |            |   //""\\
                          7      |     8      |  ((    ))
                                 |            |   \\__//
..................................LLLLLLLLLLL
.......................bb....bb..d............d...tttttt
..........................bb.....d.....d......d..tt....tt
.......................bb....bb..d............d...tttttt
.....................dddddddddddddddddddddddddddddddddddddd
.................................d..bb....bb..d
...........LLL..b.........d......d.....bb.....d.....d..........t..LLLL
.................................d..bb....bb..d
.....................dddddddddddddddddddddddddddddddddddddd
.................................d............d...tttttt
..........................d......d.....d......d..tt....tt
.................................d............d...tttttt
