GIN RUMMY                                                YOU 0   WOPR 0   TO 100
WOPR: 10 CARDS          STOCK: 31                  DISCARD: 2D

YOUR HAND
AC  3C  3H  4D  6S  7H  JC  JD  QC  QS
1   2   3   4   5   6   7   8   9   10
DEADWOOD: 64


LLL.LLLLL................................................ttt.t...tttt.t...tt.ttt
ttttt.tt.ttttt..........tttttt.tt..................bbbbbbbb.bb

LLLL.LLLL
tt..tt..tt..tt..tt..tt..tt..tt..tt..tt
d...d...d...d...d...d...d...d...d...dd
ttttttttt.tt

