GIN RUMMY                                                YOU 0   WOPR 0   TO 100
       .-.-.-.-.-.-.-.-.-.---.                  .---.                     .---.
WOPR   |/|/|/|/|/|/|/|/|/|/\/| 10 CARDS   STOCK |/\/| 31          DISCARD |2D |
       '-'-'-'-'-'-'-'-'-'---'                  '---'                     '---'

.---.---.---.---.---.---.---.---.---.---.                     YOUR HAND
|AC |3C |3H |4D |6S |7H |JC |JD |QC |QS |                     DEADWOOD: 64
  1   2   3   4   5   6   7   8   9  10

LLL.LLLLL................................................ttt.t...tttt.t...tt.ttt
.......ddddddddddddddddddddddd..................ddddd.....................bbbbb
LLLL...ddddddddddddddddddddddd.tt.ttttt...LLLLL.ddddd.tt..........LLLLLLL.brr.b
.......ddddddddddddddddddddddd..................ddddd.....................bbbbb

ttttttttttttttttttttttttttttttttttttttttt.....................LLLL.LLLL
tkk.tkk.trr.trr.tkk.trr.tkk.trr.tkk.tkk.t.....................ttttttttt.tt
..d...d...d...d...d...d...d...d...d..dd
