==== self-play, round 4 ====

       | X | O      X |   |          | X |        O | X | X      O | X | X
    ---+---+---    ---+---+---    ---+---+---    ---+---+---    ---+---+---
     O | X | X        | O |          | O | X      X |   | O        | O |
    ---+---+---    ---+---+---    ---+---+---    ---+---+---    ---+---+---
       |   |        X | X | O      X | O |          |   |          |   | X

     X | X | O      X |   |        X |   |        O |   |        O | X | X
    ---+---+---    ---+---+---    ---+---+---    ---+---+---    ---+---+---
       | O |          | O | X        | O | X      O | X | X        | O |
    ---+---+---    ---+---+---    ---+---+---    ---+---+---    ---+---+---
     X |   |          | X | O      X |   | O      X |   |          |   | X

                           LAUNCH CODE: CPE 1704 T__






==== montage ====
          STRATEGY:                                 WINNER:

          HONGKONG VARIANT                          NONE
          SEATO DECAPITATING                        NONE
          CUBAN PROVOCATION                         NONE
          INADVERTENT INCIDENT                      NONE
          U.S. DOMESTIC                             NONE
          ATLANTIC HEAVY                            NONE
          CUBAN PARAMILITARY                        NONE
          NICARAGUAN PREEMPTIVE                     NONE
          PACIFIC TERRITORIAL                       NONE
          BURMESE THEATERWIOE                       NONE
          TURKISH DECOY                             NONE
          NATO ALERT                                NONE
          ARGENTINA ESCALATION                      NONE
          ICELAND MAXIMUM                           NONE
          ARABIAN THEATERWIDE                       NONE
          U.S. SUBVERSION                           NONE
          AUSTRAILIAN MANEUVER                      NONE
